// Jest Snapshot v1, https://goo.gl/fbAQLP

exports[`<Footer /> should render and match the snapshot 1`] = `
<footer
  className="Wrapper-c6hcmg-0 dStQbt"
>
  <section>
    <span>
      This project is licensed under the MIT license.
    </span>
  </section>
  <section>
    <div
      className="Wrapper-sc-18gyl6l-0 gqpRLq"
    >
      <select
        className="Select-sc-1arlvsq-0 dMtBOA"
        onChange={[Function]}
        value="en"
      >
        <option
          value="en"
        >
          en
        </option>
        <option
          value="de"
        >
          de
        </option>
      </select>
    </div>
  </section>
  <section>
    <span>
      
      Made with love by 
      <a
        className="A-sc-1stqwyd-0 bdeJkv"
        href="https://twitter.com/mxstbr"
      >
        Max Stoiber
      </a>
      .
    
    </span>
  </section>
</footer>
`;
