// Jest Snapshot v1, https://goo.gl/fbAQLP

exports[`<ReposList /> should render the loading indicator when its loading 1`] = `
<div
  class="Wrapper-psupzl-0 hdzJQM"
>
  <ul
    class="Ul-sc-1c3r4d0-0 hgFnwI"
  >
    <div
      class="Wrapper-sc-12xll1s-0 jwtKtr"
    >
      <div
        class="Circle__CirclePrimitive-duvbbb-0 bBQbFL"
      />
      <div
        class="Circle__CirclePrimitive-duvbbb-0 bUEJFu"
      />
      <div
        class="Circle__CirclePrimitive-duvbbb-0 gZwbFv"
      />
      <div
        class="Circle__CirclePrimitive-duvbbb-0 ghxlaN"
      />
      <div
        class="Circle__CirclePrimitive-duvbbb-0 FUSrM"
      />
      <div
        class="Circle__CirclePrimitive-duvbbb-0 ceckrG"
      />
      <div
        class="Circle__CirclePrimitive-duvbbb-0 dMjcez"
      />
      <div
        class="Circle__CirclePrimitive-duvbbb-0 hoJhxu"
      />
      <div
        class="Circle__CirclePrimitive-duvbbb-0 hWtHdP"
      />
      <div
        class="Circle__CirclePrimitive-duvbbb-0 hpkAgX"
      />
      <div
        class="Circle__CirclePrimitive-duvbbb-0 fphONJ"
      />
      <div
        class="Circle__CirclePrimitive-duvbbb-0 cfODlN"
      />
    </div>
  </ul>
</div>
`;

exports[`<ReposList /> should render the repositories if loading was successful 1`] = `
<div
  class="Wrapper-psupzl-0 hdzJQM"
>
  <ul
    class="Ul-sc-1c3r4d0-0 hgFnwI"
  >
    <li
      class="Wrapper-sc-1sq0w5m-0 cyDolX"
    >
      <div
        class="Item-s03vnv-0 kNNyZb"
      >
        <div
          class="Wrapper-sc-1ptqoqp-0 fxAHyv"
        >
          <a
            class="A-sc-1stqwyd-0 RepoLink-lpm77t-0 fsWBID"
            href="https://github.com/react-boilerplate/react-boilerplate"
            target="_blank"
          >
            react-boilerplate
          </a>
          <a
            class="A-sc-1stqwyd-0 IssueLink-qz79dm-0 bhaeKL"
            href="https://github.com/react-boilerplate/react-boilerplate/issues"
            target="_blank"
          >
            <svg
              class="IssueIcon-ddieop-0 cXZLrR"
              height="1em"
              width="0.875em"
            >
              <path
                d="M7 2.3c3.14 0 5.7 2.56 5.7 5.7S10.14 13.7 7 13.7 1.3 11.14 1.3 8s2.56-5.7 5.7-5.7m0-1.3C3.14 1 0 4.14 0 8s3.14 7 7 7 7-3.14 7-7S10.86 1 7 1z m1 3H6v5h2V4z m0 6H6v2h2V10z"
              />
            </svg>
            <span>
              20
            </span>
          </a>
        </div>
      </div>
    </li>
  </ul>
</div>
`;
